0 verbose cli C:\Program Files\nodejs\node.exe C:\Program Files\nodejs\node_modules\npm\bin\npm-cli.js
1 info using npm@10.9.3
2 info using node@v22.18.0
3 silly config load:file:C:\Program Files\nodejs\node_modules\npm\npmrc
4 silly config load:file:D:\Mini_Project\career-automate-admin\.npmrc
5 silly config load:file:C:\Users\shree\.npmrc
6 silly config load:file:C:\Users\shree\AppData\Roaming\npm\etc\npmrc
7 verbose title npm list @supabase/ssr
8 verbose argv "list" "@supabase/ssr"
9 verbose logfile logs-max:10 dir:D:\Mini_Project\career-automate-admin\.npm-cache\_logs\2026-01-31T10_59_44_999Z-
10 verbose logfile D:\Mini_Project\career-automate-admin\.npm-cache\_logs\2026-01-31T10_59_44_999Z-debug-0.log
11 silly logfile start cleaning logs, removing 1 files
12 silly packumentCache heap:4345298944 maxSize:1086324736 maxEntrySize:543162368
13 silly logfile done cleaning log files
14 verbose cwd D:\Mini_Project\career-automate-admin
15 verbose os Windows_NT 10.0.26200
16 verbose node v22.18.0
17 verbose npm  v10.9.3
18 verbose exit 0
19 info ok
