0 verbose cli C:\Program Files\nodejs\node.exe C:\Program Files\nodejs\node_modules\npm\bin\npm-cli.js
1 info using npm@10.9.3
2 info using node@v22.18.0
3 silly config load:file:C:\Program Files\nodejs\node_modules\npm\npmrc
4 silly config load:file:D:\Mini_Project\career-automate-admin\.npmrc
5 silly config load:file:C:\Users\shree\.npmrc
6 silly config load:file:C:\Users\shree\AppData\Roaming\npm\etc\npmrc
7 verbose title npm run build
8 verbose argv "run" "build"
9 verbose logfile logs-max:10 dir:D:\Mini_Project\career-automate-admin\.npm-cache\_logs\2026-01-30T17_15_06_593Z-
10 verbose logfile D:\Mini_Project\career-automate-admin\.npm-cache\_logs\2026-01-30T17_15_06_593Z-debug-0.log
11 silly logfile start cleaning logs, removing 1 files
12 silly logfile done cleaning log files
13 http fetch GET 200 https://registry.npmjs.org/npm 662ms
14 verbose cwd D:\Mini_Project\career-automate-admin
15 verbose os Windows_NT 10.0.26200
16 verbose node v22.18.0
17 verbose npm  v10.9.3
18 notice
18 notice New major version of npm available! 10.9.3 -> 11.8.0
18 notice Changelog: https://github.com/npm/cli/releases/tag/v11.8.0
18 notice To update run: npm install -g npm@11.8.0
18 notice  { force: true, [Symbol(proc-log.meta)]: true }
19 verbose exit 0
20 info ok
