0 verbose cli C:\Program Files\nodejs\node.exe C:\Program Files\nodejs\node_modules\npm\bin\npm-cli.js
1 info using npm@10.9.3
2 info using node@v22.18.0
3 silly config load:file:C:\Program Files\nodejs\node_modules\npm\npmrc
4 silly config load:file:D:\Mini_Project\career-automate-admin\.npmrc
5 silly config load:file:C:\Users\shree\.npmrc
6 silly config load:file:C:\Users\shree\AppData\Roaming\npm\etc\npmrc
7 verbose title npm install @supabase/ssr
8 verbose argv "install" "@supabase/ssr"
9 verbose logfile logs-max:10 dir:D:\Mini_Project\career-automate-admin\.npm-cache\_logs\2026-01-31T10_53_45_544Z-
10 verbose logfile D:\Mini_Project\career-automate-admin\.npm-cache\_logs\2026-01-31T10_53_45_544Z-debug-0.log
11 silly logfile start cleaning logs, removing 1 files
12 silly packumentCache heap:4345298944 maxSize:1086324736 maxEntrySize:543162368
13 silly logfile done cleaning log files
14 silly idealTree buildDeps
15 silly fetch manifest @supabase/ssr@*
16 silly packumentCache full:https://registry.npmjs.org/@supabase%2fssr cache-miss
17 http fetch GET 200 https://registry.npmjs.org/@supabase%2fssr 1017ms (cache miss)
18 silly packumentCache full:https://registry.npmjs.org/@supabase%2fssr set size:undefined disposed:false
19 silly fetch manifest @supabase/supabase-js@^2.89.0
20 silly packumentCache full:https://registry.npmjs.org/@supabase%2fsupabase-js cache-miss
21 http fetch GET 200 https://registry.npmjs.org/@supabase%2fsupabase-js 856ms (cache updated)
22 silly packumentCache full:https://registry.npmjs.org/@supabase%2fsupabase-js set size:undefined disposed:false
23 silly placeDep ROOT @supabase/ssr@0.8.0 OK for: career-automate-admin@0.1.0 want: *
24 silly fetch manifest cookie@^1.0.2
25 silly packumentCache full:https://registry.npmjs.org/cookie cache-miss
26 http fetch GET 200 https://registry.npmjs.org/cookie 182ms (cache miss)
27 silly packumentCache full:https://registry.npmjs.org/cookie set size:undefined disposed:false
28 silly placeDep ROOT cookie@1.1.1 OK for: @supabase/ssr@0.8.0 want: ^1.0.2
29 silly reify moves {}
30 verbose reify failed optional dependency D:\Mini_Project\career-automate-admin\node_modules\@tailwindcss\oxide-wasm32-wasi
31 silly reify mark deleted [
31 silly reify   'D:\\Mini_Project\\career-automate-admin\\node_modules\\@tailwindcss\\oxide-wasm32-wasi'
31 silly reify ]
32 silly audit bulk request {
32 silly audit   '@alloc/quick-lru': [ '5.2.0' ],
32 silly audit   '@aws-crypto/sha256-browser': [ '5.2.0' ],
32 silly audit   '@smithy/is-array-buffer': [ '2.2.0', '4.2.0' ],
32 silly audit   '@smithy/util-buffer-from': [ '2.2.0', '4.2.0' ],
32 silly audit   '@smithy/util-utf8': [ '2.3.0', '4.2.0' ],
32 silly audit   '@aws-crypto/sha256-js': [ '5.2.0' ],
32 silly audit   '@aws-crypto/supports-web-crypto': [ '5.2.0' ],
32 silly audit   '@aws-crypto/util': [ '5.2.0' ],
32 silly audit   '@aws-sdk/client-sesv2': [ '3.966.0' ],
32 silly audit   '@aws-sdk/client-sso': [ '3.966.0' ],
32 silly audit   '@aws-sdk/core': [ '3.966.0' ],
32 silly audit   '@aws-sdk/credential-provider-env': [ '3.966.0' ],
32 silly audit   '@aws-sdk/credential-provider-http': [ '3.966.0' ],
32 silly audit   '@aws-sdk/credential-provider-ini': [ '3.966.0' ],
32 silly audit   '@aws-sdk/credential-provider-login': [ '3.966.0' ],
32 silly audit   '@aws-sdk/credential-provider-node': [ '3.966.0' ],
32 silly audit   '@aws-sdk/credential-provider-process': [ '3.966.0' ],
32 silly audit   '@aws-sdk/credential-provider-sso': [ '3.966.0' ],
32 silly audit   '@aws-sdk/credential-provider-web-identity': [ '3.966.0' ],
32 silly audit   '@aws-sdk/middleware-host-header': [ '3.965.0' ],
32 silly audit   '@aws-sdk/middleware-logger': [ '3.965.0' ],
32 silly audit   '@aws-sdk/middleware-recursion-detection': [ '3.965.0' ],
32 silly audit   '@aws-sdk/middleware-sdk-s3': [ '3.966.0' ],
32 silly audit   '@aws-sdk/middleware-user-agent': [ '3.966.0' ],
32 silly audit   '@aws-sdk/nested-clients': [ '3.966.0' ],
32 silly audit   '@aws-sdk/region-config-resolver': [ '3.965.0' ],
32 silly audit   '@aws-sdk/signature-v4-multi-region': [ '3.966.0' ],
32 silly audit   '@aws-sdk/token-providers': [ '3.966.0' ],
32 silly audit   '@aws-sdk/types': [ '3.965.0' ],
32 silly audit   '@aws-sdk/util-arn-parser': [ '3.966.0' ],
32 silly audit   '@aws-sdk/util-endpoints': [ '3.965.0' ],
32 silly audit   '@aws-sdk/util-locate-window': [ '3.965.0' ],
32 silly audit   '@aws-sdk/util-user-agent-browser': [ '3.965.0' ],
32 silly audit   '@aws-sdk/util-user-agent-node': [ '3.966.0' ],
32 silly audit   '@aws-sdk/xml-builder': [ '3.965.0' ],
32 silly audit   '@aws/lambda-invoke-store': [ '0.2.3' ],
32 silly audit   '@babel/code-frame': [ '7.27.1' ],
32 silly audit   '@babel/compat-data': [ '7.28.5' ],
32 silly audit   '@babel/core': [ '7.28.5' ],
32 silly audit   '@babel/generator': [ '7.28.5' ],
32 silly audit   '@babel/helper-compilation-targets': [ '7.27.2' ],
32 silly audit   '@babel/helper-globals': [ '7.28.0' ],
32 silly audit   '@babel/helper-module-imports': [ '7.27.1' ],
32 silly audit   '@babel/helper-module-transforms': [ '7.28.3' ],
32 silly audit   '@babel/helper-string-parser': [ '7.27.1' ],
32 silly audit   '@babel/helper-validator-identifier': [ '7.28.5' ],
32 silly audit   '@babel/helper-validator-option': [ '7.27.1' ],
32 silly audit   '@babel/helpers': [ '7.28.4' ],
32 silly audit   '@babel/parser': [ '7.28.5' ],
32 silly audit   '@babel/template': [ '7.27.2' ],
32 silly audit   '@babel/traverse': [ '7.28.5' ],
32 silly audit   '@babel/types': [ '7.28.5' ],
32 silly audit   '@emnapi/core': [ '1.7.1' ],
32 silly audit   '@emnapi/runtime': [ '1.7.1' ],
32 silly audit   '@emnapi/wasi-threads': [ '1.1.0' ],
32 silly audit   '@eslint-community/eslint-utils': [ '4.9.0' ],
32 silly audit   'eslint-visitor-keys': [ '3.4.3', '4.2.1' ],
32 silly audit   '@eslint-community/regexpp': [ '4.12.2' ],
32 silly audit   '@eslint/config-array': [ '0.21.1' ],
32 silly audit   '@eslint/config-helpers': [ '0.4.2' ],
32 silly audit   '@eslint/core': [ '0.17.0' ],
32 silly audit   '@eslint/eslintrc': [ '3.3.3' ],
32 silly audit   '@eslint/js': [ '9.39.2' ],
32 silly audit   '@eslint/object-schema': [ '2.1.7' ],
32 silly audit   '@eslint/plugin-kit': [ '0.4.1' ],
32 silly audit   '@humanfs/core': [ '0.19.1' ],
32 silly audit   '@humanfs/node': [ '0.16.7' ],
32 silly audit   '@humanwhocodes/module-importer': [ '1.0.1' ],
32 silly audit   '@humanwhocodes/retry': [ '0.4.3' ],
32 silly audit   '@img/colour': [ '1.0.0' ],
32 silly audit   '@img/sharp-darwin-arm64': [ '0.34.5' ],
32 silly audit   '@img/sharp-darwin-x64': [ '0.34.5' ],
32 silly audit   '@img/sharp-libvips-darwin-arm64': [ '1.2.4' ],
32 silly audit   '@img/sharp-libvips-darwin-x64': [ '1.2.4' ],
32 silly audit   '@img/sharp-libvips-linux-arm': [ '1.2.4' ],
32 silly audit   '@img/sharp-libvips-linux-arm64': [ '1.2.4' ],
32 silly audit   '@img/sharp-libvips-linux-ppc64': [ '1.2.4' ],
32 silly audit   '@img/sharp-libvips-linux-riscv64': [ '1.2.4' ],
32 silly audit   '@img/sharp-libvips-linux-s390x': [ '1.2.4' ],
32 silly audit   '@img/sharp-libvips-linux-x64': [ '1.2.4' ],
32 silly audit   '@img/sharp-libvips-linuxmusl-arm64': [ '1.2.4' ],
32 silly audit   '@img/sharp-libvips-linuxmusl-x64': [ '1.2.4' ],
32 silly audit   '@img/sharp-linux-arm': [ '0.34.5' ],
32 silly audit   '@img/sharp-linux-arm64': [ '0.34.5' ],
32 silly audit   '@img/sharp-linux-ppc64': [ '0.34.5' ],
32 silly audit   '@img/sharp-linux-riscv64': [ '0.34.5' ],
32 silly audit   '@img/sharp-linux-s390x': [ '0.34.5' ],
32 silly audit   '@img/sharp-linux-x64': [ '0.34.5' ],
32 silly audit   '@img/sharp-linuxmusl-arm64': [ '0.34.5' ],
32 silly audit   '@img/sharp-linuxmusl-x64': [ '0.34.5' ],
32 silly audit   '@img/sharp-wasm32': [ '0.34.5' ],
32 silly audit   '@img/sharp-win32-arm64': [ '0.34.5' ],
32 silly audit   '@img/sharp-win32-ia32': [ '0.34.5' ],
32 silly audit   '@img/sharp-win32-x64': [ '0.34.5' ],
32 silly audit   '@jridgewell/gen-mapping': [ '0.3.13' ],
32 silly audit   '@jridgewell/remapping': [ '2.3.5' ],
32 silly audit   '@jridgewell/resolve-uri': [ '3.1.2' ],
32 silly audit   '@jridgewell/sourcemap-codec': [ '1.5.5' ],
32 silly audit   '@jridgewell/trace-mapping': [ '0.3.31' ],
32 silly audit   '@napi-rs/wasm-runtime': [ '0.2.12' ],
32 silly audit   '@next/env': [ '16.1.0' ],
32 silly audit   '@next/eslint-plugin-next': [ '16.1.0' ],
32 silly audit   '@next/swc-darwin-arm64': [ '16.1.0' ],
32 silly audit   '@next/swc-darwin-x64': [ '16.1.0' ],
32 silly audit   '@next/swc-linux-arm64-gnu': [ '16.1.0' ],
32 silly audit   '@next/swc-linux-arm64-musl': [ '16.1.0' ],
32 silly audit   '@next/swc-linux-x64-gnu': [ '16.1.0' ],
32 silly audit   '@next/swc-linux-x64-musl': [ '16.1.0' ],
32 silly audit   '@next/swc-win32-arm64-msvc': [ '16.1.0' ],
32 silly audit   '@next/swc-win32-x64-msvc': [ '16.1.0' ],
32 silly audit   '@nodelib/fs.scandir': [ '2.1.5' ],
32 silly audit   '@nodelib/fs.stat': [ '2.0.5' ],
32 silly audit   '@nodelib/fs.walk': [ '1.2.8' ],
32 silly audit   '@nolyfill/is-core-module': [ '1.0.39' ],
32 silly audit   '@rtsao/scc': [ '1.1.0' ],
32 silly audit   '@smithy/abort-controller': [ '4.2.7' ],
32 silly audit   '@smithy/config-resolver': [ '4.4.5' ],
32 silly audit   '@smithy/core': [ '3.20.2' ],
32 silly audit   '@smithy/credential-provider-imds': [ '4.2.7' ],
32 silly audit   '@smithy/fetch-http-handler': [ '5.3.8' ],
32 silly audit   '@smithy/hash-node': [ '4.2.7' ],
32 silly audit   '@smithy/invalid-dependency': [ '4.2.7' ],
32 silly audit   '@smithy/middleware-content-length': [ '4.2.7' ],
32 silly audit   '@smithy/middleware-endpoint': [ '4.4.3' ],
32 silly audit   '@smithy/middleware-retry': [ '4.4.19' ],
32 silly audit   '@smithy/middleware-serde': [ '4.2.8' ],
32 silly audit   '@smithy/middleware-stack': [ '4.2.7' ],
32 silly audit   '@smithy/node-config-provider': [ '4.3.7' ],
32 silly audit   '@smithy/node-http-handler': [ '4.4.7' ],
32 silly audit   '@smithy/property-provider': [ '4.2.7' ],
32 silly audit   '@smithy/protocol-http': [ '5.3.7' ],
32 silly audit   '@smithy/querystring-builder': [ '4.2.7' ],
32 silly audit   '@smithy/querystring-parser': [ '4.2.7' ],
32 silly audit   '@smithy/service-error-classification': [ '4.2.7' ],
32 silly audit   '@smithy/shared-ini-file-loader': [ '4.4.2' ],
32 silly audit   '@smithy/signature-v4': [ '5.3.7' ],
32 silly audit   '@smithy/smithy-client': [ '4.10.4' ],
32 silly audit   '@smithy/types': [ '4.11.0' ],
32 silly audit   '@smithy/url-parser': [ '4.2.7' ],
32 silly audit   '@smithy/util-base64': [ '4.3.0' ],
32 silly audit   '@smithy/util-body-length-browser': [ '4.2.0' ],
32 silly audit   '@smithy/util-body-length-node': [ '4.2.1' ],
32 silly audit   '@smithy/util-config-provider': [ '4.2.0' ],
32 silly audit   '@smithy/util-defaults-mode-browser': [ '4.3.18' ],
32 silly audit   '@smithy/util-defaults-mode-node': [ '4.2.21' ],
32 silly audit   '@smithy/util-endpoints': [ '3.2.7' ],
32 silly audit   '@smithy/util-hex-encoding': [ '4.2.0' ],
32 silly audit   '@smithy/util-middleware': [ '4.2.7' ],
32 silly audit   '@smithy/util-retry': [ '4.2.7' ],
32 silly audit   '@smithy/util-stream': [ '4.5.8' ],
32 silly audit   '@smithy/util-uri-escape': [ '4.2.0' ],
32 silly audit   '@smithy/uuid': [ '1.1.0' ],
32 silly audit   '@supabase/auth-js': [ '2.89.0' ],
32 silly audit   '@supabase/functions-js': [ '2.89.0' ],
32 silly audit   '@supabase/postgrest-js': [ '2.89.0' ],
32 silly audit   '@supabase/realtime-js': [ '2.89.0' ],
32 silly audit   '@supabase/storage-js': [ '2.89.0' ],
32 silly audit   '@supabase/supabase-js': [ '2.89.0' ],
32 silly audit   '@swc/helpers': [ '0.5.15' ],
32 silly audit   '@tailwindcss/node': [ '4.1.18' ],
32 silly audit   '@tailwindcss/oxide': [ '4.1.18' ],
32 silly audit   '@tailwindcss/oxide-android-arm64': [ '4.1.18' ],
32 silly audit   '@tailwindcss/oxide-darwin-arm64': [ '4.1.18' ],
32 silly audit   '@tailwindcss/oxide-darwin-x64': [ '4.1.18' ],
32 silly audit   '@tailwindcss/oxide-freebsd-x64': [ '4.1.18' ],
32 silly audit   '@tailwindcss/oxide-linux-arm-gnueabihf': [ '4.1.18' ],
32 silly audit   '@tailwindcss/oxide-linux-arm64-gnu': [ '4.1.18' ],
32 silly audit   '@tailwindcss/oxide-linux-arm64-musl': [ '4.1.18' ],
32 silly audit   '@tailwindcss/oxide-linux-x64-gnu': [ '4.1.18' ],
32 silly audit   '@tailwindcss/oxide-linux-x64-musl': [ '4.1.18' ],
32 silly audit   '@tailwindcss/oxide-win32-arm64-msvc': [ '4.1.18' ],
32 silly audit   '@tailwindcss/oxide-win32-x64-msvc': [ '4.1.18' ],
32 silly audit   '@tailwindcss/postcss': [ '4.1.18' ],
32 silly audit   '@tybys/wasm-util': [ '0.10.1' ],
32 silly audit   '@types/estree': [ '1.0.8' ],
32 silly audit   '@types/json-schema': [ '7.0.15' ],
32 silly audit   '@types/json5': [ '0.0.29' ],
32 silly audit   '@types/node': [ '20.19.27' ],
32 silly audit   '@types/nodemailer': [ '7.0.4' ],
32 silly audit   '@types/phoenix': [ '1.6.7' ],
32 silly audit   '@types/react': [ '19.2.7' ],
32 silly audit   '@types/react-dom': [ '19.2.3' ],
32 silly audit   '@types/ws': [ '8.18.1' ],
32 silly audit   '@typescript-eslint/eslint-plugin': [ '8.50.0' ],
32 silly audit   ignore: [ '7.0.5', '5.3.2' ],
32 silly audit   '@typescript-eslint/parser': [ '8.50.0' ],
32 silly audit   '@typescript-eslint/project-service': [ '8.50.0' ],
32 silly audit   '@typescript-eslint/scope-manager': [ '8.50.0' ],
32 silly audit   '@typescript-eslint/tsconfig-utils': [ '8.50.0' ],
32 silly audit   '@typescript-eslint/type-utils': [ '8.50.0' ],
32 silly audit   '@typescript-eslint/types': [ '8.50.0' ],
32 silly audit   '@typescript-eslint/typescript-estree': [ '8.50.0' ],
32 silly audit   'brace-expansion': [ '2.0.2', '1.1.12' ],
32 silly audit   minimatch: [ '9.0.5', '3.1.2' ],
32 silly audit   semver: [ '7.7.3', '6.3.1' ],
32 silly audit   '@typescript-eslint/utils': [ '8.50.0' ],
32 silly audit   '@typescript-eslint/visitor-keys': [ '8.50.0' ],
32 silly audit   '@unrs/resolver-binding-android-arm-eabi': [ '1.11.1' ],
32 silly audit   '@unrs/resolver-binding-android-arm64': [ '1.11.1' ],
32 silly audit   '@unrs/resolver-binding-darwin-arm64': [ '1.11.1' ],
32 silly audit   '@unrs/resolver-binding-darwin-x64': [ '1.11.1' ],
32 silly audit   '@unrs/resolver-binding-freebsd-x64': [ '1.11.1' ],
32 silly audit   '@unrs/resolver-binding-linux-arm-gnueabihf': [ '1.11.1' ],
32 silly audit   '@unrs/resolver-binding-linux-arm-musleabihf': [ '1.11.1' ],
32 silly audit   '@unrs/resolver-binding-linux-arm64-gnu': [ '1.11.1' ],
32 silly audit   '@unrs/resolver-binding-linux-arm64-musl': [ '1.11.1' ],
32 silly audit   '@unrs/resolver-binding-linux-ppc64-gnu': [ '1.11.1' ],
32 silly audit   '@unrs/resolver-binding-linux-riscv64-gnu': [ '1.11.1' ],
32 silly audit   '@unrs/resolver-binding-linux-riscv64-musl': [ '1.11.1' ],
32 silly audit   '@unrs/resolver-binding-linux-s390x-gnu': [ '1.11.1' ],
32 silly audit   '@unrs/resolver-binding-linux-x64-gnu': [ '1.11.1' ],
32 silly audit   '@unrs/resolver-binding-linux-x64-musl': [ '1.11.1' ],
32 silly audit   '@unrs/resolver-binding-wasm32-wasi': [ '1.11.1' ],
32 silly audit   '@unrs/resolver-binding-win32-arm64-msvc': [ '1.11.1' ],
32 silly audit   '@unrs/resolver-binding-win32-ia32-msvc': [ '1.11.1' ],
32 silly audit   '@unrs/resolver-binding-win32-x64-msvc': [ '1.11.1' ],
32 silly audit   acorn: [ '8.15.0' ],
32 silly audit   'acorn-jsx': [ '5.3.2' ],
32 silly audit   ajv: [ '6.12.6' ],
32 silly audit   'ansi-styles': [ '4.3.0' ],
32 silly audit   argparse: [ '2.0.1' ],
32 silly audit   'aria-query': [ '5.3.2' ],
32 silly audit   'array-buffer-byte-length': [ '1.0.2' ],
32 silly audit   'array-includes': [ '3.1.9' ],
32 silly audit   'array.prototype.findlast': [ '1.2.5' ],
32 silly audit   'array.prototype.findlastindex': [ '1.2.6' ],
32 silly audit   'array.prototype.flat': [ '1.3.3' ],
32 silly audit   'array.prototype.flatmap': [ '1.3.3' ],
32 silly audit   'array.prototype.tosorted': [ '1.1.4' ],
32 silly audit   'arraybuffer.prototype.slice': [ '1.0.4' ],
32 silly audit   'ast-types-flow': [ '0.0.8' ],
32 silly audit   'async-function': [ '1.0.0' ],
32 silly audit   'available-typed-arrays': [ '1.0.7' ],
32 silly audit   'axe-core': [ '4.11.0' ],
32 silly audit   'axobject-query': [ '4.1.0' ],
32 silly audit   'babel-plugin-react-compiler': [ '1.0.0' ],
32 silly audit   'balanced-match': [ '1.0.2' ],
32 silly audit   'baseline-browser-mapping': [ '2.9.11' ],
32 silly audit   bowser: [ '2.13.1' ],
32 silly audit   braces: [ '3.0.3' ],
32 silly audit   browserslist: [ '4.28.1' ],
32 silly audit   'call-bind': [ '1.0.8' ],
32 silly audit   'call-bind-apply-helpers': [ '1.0.2' ],
32 silly audit   'call-bound': [ '1.0.4' ],
32 silly audit   callsites: [ '3.1.0' ],
32 silly audit   'caniuse-lite': [ '1.0.30001761' ],
32 silly audit   chalk: [ '4.1.2' ],
32 silly audit   'client-only': [ '0.0.1' ],
32 silly audit   clsx: [ '2.1.1' ],
32 silly audit   'color-convert': [ '2.0.1' ],
32 silly audit   'color-name': [ '1.1.4' ],
32 silly audit   'concat-map': [ '0.0.1' ],
32 silly audit   'convert-source-map': [ '2.0.0' ],
32 silly audit   'cross-spawn': [ '7.0.6' ],
32 silly audit   csstype: [ '3.2.3' ],
32 silly audit   'damerau-levenshtein': [ '1.0.8' ],
32 silly audit   'data-view-buffer': [ '1.0.2' ],
32 silly audit   'data-view-byte-length': [ '1.0.2' ],
32 silly audit   'data-view-byte-offset': [ '1.0.1' ],
32 silly audit   'date-fns': [ '4.1.0' ],
32 silly audit   debug: [ '4.4.3', '3.2.7' ],
32 silly audit   'deep-is': [ '0.1.4' ],
32 silly audit   'define-data-property': [ '1.1.4' ],
32 silly audit   'define-properties': [ '1.2.1' ],
32 silly audit   'detect-libc': [ '2.1.2' ],
32 silly audit   doctrine: [ '2.1.0' ],
32 silly audit   'dunder-proto': [ '1.0.1' ],
32 silly audit   'electron-to-chromium': [ '1.5.267' ],
32 silly audit   'emoji-regex': [ '9.2.2' ],
32 silly audit   'enhanced-resolve': [ '5.18.4' ],
32 silly audit   'es-abstract': [ '1.24.1' ],
32 silly audit   'es-define-property': [ '1.0.1' ],
32 silly audit   'es-errors': [ '1.3.0' ],
32 silly audit   'es-iterator-helpers': [ '1.2.2' ],
32 silly audit   'es-object-atoms': [ '1.1.1' ],
32 silly audit   'es-set-tostringtag': [ '2.1.0' ],
32 silly audit   'es-shim-unscopables': [ '1.1.0' ],
32 silly audit   'es-to-primitive': [ '1.3.0' ],
32 silly audit   escalade: [ '3.2.0' ],
32 silly audit   'escape-string-regexp': [ '4.0.0' ],
32 silly audit   eslint: [ '9.39.2' ],
32 silly audit   'eslint-config-next': [ '16.1.0' ],
32 silly audit   globals: [ '16.4.0', '14.0.0' ],
32 silly audit   'eslint-import-resolver-node': [ '0.3.9' ],
32 silly audit   'eslint-import-resolver-typescript': [ '3.10.1' ],
32 silly audit   'eslint-module-utils': [ '2.12.1' ],
32 silly audit   'eslint-plugin-import': [ '2.32.0' ],
32 silly audit   'eslint-plugin-jsx-a11y': [ '6.10.2' ],
32 silly audit   'eslint-plugin-react': [ '7.37.5' ],
32 silly audit   'eslint-plugin-react-hooks': [ '7.0.1' ],
32 silly audit   resolve: [ '2.0.0-next.5', '1.22.11' ],
32 silly audit   'eslint-scope': [ '8.4.0' ],
32 silly audit   espree: [ '10.4.0' ],
32 silly audit   esquery: [ '1.6.0' ],
32 silly audit   esrecurse: [ '4.3.0' ],
32 silly audit   estraverse: [ '5.3.0' ],
32 silly audit   esutils: [ '2.0.3' ],
32 silly audit   'fast-deep-equal': [ '3.1.3' ],
32 silly audit   'fast-glob': [ '3.3.1' ],
32 silly audit   'glob-parent': [ '5.1.2', '6.0.2' ],
32 silly audit   'fast-json-stable-stringify': [ '2.1.0' ],
32 silly audit   'fast-levenshtein': [ '2.0.6' ],
32 silly audit   'fast-xml-parser': [ '5.2.5' ],
32 silly audit   fastq: [ '1.19.1' ],
32 silly audit   'file-entry-cache': [ '8.0.0' ],
32 silly audit   'fill-range': [ '7.1.1' ],
32 silly audit   'find-up': [ '5.0.0' ],
32 silly audit   'flat-cache': [ '4.0.1' ],
32 silly audit   flatted: [ '3.3.3' ],
32 silly audit   'for-each': [ '0.3.5' ],
32 silly audit   'function-bind': [ '1.1.2' ],
32 silly audit   'function.prototype.name': [ '1.1.8' ],
32 silly audit   'functions-have-names': [ '1.2.3' ],
32 silly audit   'generator-function': [ '2.0.1' ],
32 silly audit   gensync: [ '1.0.0-beta.2' ],
32 silly audit   'get-intrinsic': [ '1.3.0' ],
32 silly audit   'get-proto': [ '1.0.1' ],
32 silly audit   'get-symbol-description': [ '1.1.0' ],
32 silly audit   'get-tsconfig': [ '4.13.0' ],
32 silly audit   globalthis: [ '1.0.4' ],
32 silly audit   gopd: [ '1.2.0' ],
32 silly audit   'graceful-fs': [ '4.2.11' ],
32 silly audit   'has-bigints': [ '1.1.0' ],
32 silly audit   'has-flag': [ '4.0.0' ],
32 silly audit   'has-property-descriptors': [ '1.0.2' ],
32 silly audit   'has-proto': [ '1.2.0' ],
32 silly audit   'has-symbols': [ '1.1.0' ],
32 silly audit   'has-tostringtag': [ '1.0.2' ],
32 silly audit   hasown: [ '2.0.2' ],
32 silly audit   'hermes-estree': [ '0.25.1' ],
32 silly audit   'hermes-parser': [ '0.25.1' ],
32 silly audit   'iceberg-js': [ '0.8.1' ],
32 silly audit   'import-fresh': [ '3.3.1' ],
32 silly audit   imurmurhash: [ '0.1.4' ],
32 silly audit   'internal-slot': [ '1.1.0' ],
32 silly audit   'is-array-buffer': [ '3.0.5' ],
32 silly audit   'is-async-function': [ '2.1.1' ],
32 silly audit   'is-bigint': [ '1.1.0' ],
32 silly audit   'is-boolean-object': [ '1.2.2' ],
32 silly audit   'is-bun-module': [ '2.0.0' ],
32 silly audit   'is-callable': [ '1.2.7' ],
32 silly audit   'is-core-module': [ '2.16.1' ],
32 silly audit   'is-data-view': [ '1.0.2' ],
32 silly audit   'is-date-object': [ '1.1.0' ],
32 silly audit   'is-extglob': [ '2.1.1' ],
32 silly audit   'is-finalizationregistry': [ '1.1.1' ],
32 silly audit   'is-generator-function': [ '1.1.2' ],
32 silly audit   'is-glob': [ '4.0.3' ],
32 silly audit   'is-map': [ '2.0.3' ],
32 silly audit   'is-negative-zero': [ '2.0.3' ],
32 silly audit   'is-number': [ '7.0.0' ],
32 silly audit   'is-number-object': [ '1.1.1' ],
32 silly audit   'is-regex': [ '1.2.1' ],
32 silly audit   'is-set': [ '2.0.3' ],
32 silly audit   'is-shared-array-buffer': [ '1.0.4' ],
32 silly audit   'is-string': [ '1.1.1' ],
32 silly audit   'is-symbol': [ '1.1.1' ],
32 silly audit   'is-typed-array': [ '1.1.15' ],
32 silly audit   'is-weakmap': [ '2.0.2' ],
32 silly audit   'is-weakref': [ '1.1.1' ],
32 silly audit   'is-weakset': [ '2.0.4' ],
32 silly audit   isarray: [ '2.0.5' ],
32 silly audit   isexe: [ '2.0.0' ],
32 silly audit   'iterator.prototype': [ '1.1.5' ],
32 silly audit   jiti: [ '2.6.1' ],
32 silly audit   'js-tokens': [ '4.0.0' ],
32 silly audit   'js-yaml': [ '4.1.1' ],
32 silly audit   jsesc: [ '3.1.0' ],
32 silly audit   'json-buffer': [ '3.0.1' ],
32 silly audit   'json-schema-traverse': [ '0.4.1' ],
32 silly audit   'json-stable-stringify-without-jsonify': [ '1.0.1' ],
32 silly audit   json5: [ '2.2.3', '1.0.2' ],
32 silly audit   'jsx-ast-utils': [ '3.3.5' ],
32 silly audit   keyv: [ '4.5.4' ],
32 silly audit   'language-subtag-registry': [ '0.3.23' ],
32 silly audit   'language-tags': [ '1.0.9' ],
32 silly audit   levn: [ '0.4.1' ],
32 silly audit   lightningcss: [ '1.30.2' ],
32 silly audit   'lightningcss-android-arm64': [ '1.30.2' ],
32 silly audit   'lightningcss-darwin-arm64': [ '1.30.2' ],
32 silly audit   'lightningcss-darwin-x64': [ '1.30.2' ],
32 silly audit   'lightningcss-freebsd-x64': [ '1.30.2' ],
32 silly audit   'lightningcss-linux-arm-gnueabihf': [ '1.30.2' ],
32 silly audit   'lightningcss-linux-arm64-gnu': [ '1.30.2' ],
32 silly audit   'lightningcss-linux-arm64-musl': [ '1.30.2' ],
32 silly audit   'lightningcss-linux-x64-gnu': [ '1.30.2' ],
32 silly audit   'lightningcss-linux-x64-musl': [ '1.30.2' ],
32 silly audit   'lightningcss-win32-arm64-msvc': [ '1.30.2' ],
32 silly audit   'lightningcss-win32-x64-msvc': [ '1.30.2' ],
32 silly audit   'locate-path': [ '6.0.0' ],
32 silly audit   'lodash.merge': [ '4.6.2' ],
32 silly audit   'loose-envify': [ '1.4.0' ],
32 silly audit   'lru-cache': [ '5.1.1' ],
32 silly audit   'lucide-react': [ '0.562.0' ],
32 silly audit   'magic-string': [ '0.30.21' ],
32 silly audit   'math-intrinsics': [ '1.1.0' ],
32 silly audit   merge2: [ '1.4.1' ],
32 silly audit   micromatch: [ '4.0.8' ],
32 silly audit   minimist: [ '1.2.8' ],
32 silly audit   ms: [ '2.1.3' ],
32 silly audit   nanoid: [ '3.3.11' ],
32 silly audit   'napi-postinstall': [ '0.3.4' ],
32 silly audit   'natural-compare': [ '1.4.0' ],
32 silly audit   next: [ '16.1.0' ],
32 silly audit   postcss: [ '8.4.31', '8.5.6' ],
32 silly audit   'node-releases': [ '2.0.27' ],
32 silly audit   nodemailer: [ '7.0.12' ],
32 silly audit   'object-assign': [ '4.1.1' ],
32 silly audit   'object-inspect': [ '1.13.4' ],
32 silly audit   'object-keys': [ '1.1.1' ],
32 silly audit   'object.assign': [ '4.1.7' ],
32 silly audit   'object.entries': [ '1.1.9' ],
32 silly audit   'object.fromentries': [ '2.0.8' ],
32 silly audit   'object.groupby': [ '1.0.3' ],
32 silly audit   'object.values': [ '1.2.1' ],
32 silly audit   optionator: [ '0.9.4' ],
32 silly audit   'own-keys': [ '1.0.1' ],
32 silly audit   'p-limit': [ '3.1.0' ],
32 silly audit   'p-locate': [ '5.0.0' ],
32 silly audit   'parent-module': [ '1.0.1' ],
32 silly audit   'path-exists': [ '4.0.0' ],
32 silly audit   'path-key': [ '3.1.1' ],
32 silly audit   'path-parse': [ '1.0.7' ],
32 silly audit   picocolors: [ '1.1.1' ],
32 silly audit   picomatch: [ '2.3.1', '4.0.3' ],
32 silly audit   'possible-typed-array-names': [ '1.1.0' ],
32 silly audit   'prelude-ls': [ '1.2.1' ],
32 silly audit   'prop-types': [ '15.8.1' ],
32 silly audit   punycode: [ '2.3.1' ],
32 silly audit   'queue-microtask': [ '1.2.3' ],
32 silly audit   react: [ '19.2.3' ],
32 silly audit   'react-dom': [ '19.2.3' ],
32 silly audit   'react-is': [ '16.13.1' ],
32 silly audit   'reflect.getprototypeof': [ '1.0.10' ],
32 silly audit   'regexp.prototype.flags': [ '1.5.4' ],
32 silly audit   'resolve-from': [ '4.0.0' ],
32 silly audit   'resolve-pkg-maps': [ '1.0.0' ],
32 silly audit   reusify: [ '1.1.0' ],
32 silly audit   'run-parallel': [ '1.2.0' ],
32 silly audit   'safe-array-concat': [ '1.1.3' ],
32 silly audit   'safe-push-apply': [ '1.0.0' ],
32 silly audit   'safe-regex-test': [ '1.1.0' ],
32 silly audit   scheduler: [ '0.27.0' ],
32 silly audit   'set-function-length': [ '1.2.2' ],
32 silly audit   'set-function-name': [ '2.0.2' ],
32 silly audit   'set-proto': [ '1.0.0' ],
32 silly audit   sharp: [ '0.34.5' ],
32 silly audit   'shebang-command': [ '2.0.0' ],
32 silly audit   'shebang-regex': [ '3.0.0' ],
32 silly audit   'side-channel': [ '1.1.0' ],
32 silly audit   'side-channel-list': [ '1.0.0' ],
32 silly audit   'side-channel-map': [ '1.0.1' ],
32 silly audit   'side-channel-weakmap': [ '1.0.2' ],
32 silly audit   sonner: [ '2.0.7' ],
32 silly audit   'source-map-js': [ '1.2.1' ],
32 silly audit   'stable-hash': [ '0.0.5' ],
32 silly audit   'stop-iteration-iterator': [ '1.1.0' ],
32 silly audit   'string.prototype.includes': [ '2.0.1' ],
32 silly audit   'string.prototype.matchall': [ '4.0.12' ],
32 silly audit   'string.prototype.repeat': [ '1.0.0' ],
32 silly audit   'string.prototype.trim': [ '1.2.10' ],
32 silly audit   'string.prototype.trimend': [ '1.0.9' ],
32 silly audit   'string.prototype.trimstart': [ '1.0.8' ],
32 silly audit   'strip-bom': [ '3.0.0' ],
32 silly audit   'strip-json-comments': [ '3.1.1' ],
32 silly audit   strnum: [ '2.1.2' ],
32 silly audit   'styled-jsx': [ '5.1.6' ],
32 silly audit   'supports-color': [ '7.2.0' ],
32 silly audit   'supports-preserve-symlinks-flag': [ '1.0.0' ],
32 silly audit   'tailwind-merge': [ '3.4.0' ],
32 silly audit   tailwindcss: [ '4.1.18' ],
32 silly audit   tapable: [ '2.3.0' ],
32 silly audit   tinyglobby: [ '0.2.15' ],
32 silly audit   fdir: [ '6.5.0' ],
32 silly audit   'to-regex-range': [ '5.0.1' ],
32 silly audit   'ts-api-utils': [ '2.1.0' ],
32 silly audit   'tsconfig-paths': [ '3.15.0' ],
32 silly audit   tslib: [ '2.8.1' ],
32 silly audit   'type-check': [ '0.4.0' ],
32 silly audit   'typed-array-buffer': [ '1.0.3' ],
32 silly audit   'typed-array-byte-length': [ '1.0.3' ],
32 silly audit   'typed-array-byte-offset': [ '1.0.4' ],
32 silly audit   'typed-array-length': [ '1.0.7' ],
32 silly audit   typescript: [ '5.9.3' ],
32 silly audit   'typescript-eslint': [ '8.50.0' ],
32 silly audit   'unbox-primitive': [ '1.1.0' ],
32 silly audit   'undici-types': [ '6.21.0' ],
32 silly audit   'unrs-resolver': [ '1.11.1' ],
32 silly audit   'update-browserslist-db': [ '1.2.3' ],
32 silly audit   'uri-js': [ '4.4.1' ],
32 silly audit   which: [ '2.0.2' ],
32 silly audit   'which-boxed-primitive': [ '1.1.1' ],
32 silly audit   'which-builtin-type': [ '1.2.1' ],
32 silly audit   'which-collection': [ '1.0.2' ],
32 silly audit   'which-typed-array': [ '1.1.19' ],
32 silly audit   'word-wrap': [ '1.2.5' ],
32 silly audit   ws: [ '8.18.3' ],
32 silly audit   yallist: [ '3.1.1' ],
32 silly audit   'yocto-queue': [ '0.1.0' ],
32 silly audit   zod: [ '4.2.1' ],
32 silly audit   'zod-validation-error': [ '4.0.2' ],
32 silly audit   '@supabase/ssr': [ '0.8.0' ],
32 silly audit   cookie: [ '1.1.1' ],
32 silly audit   '@tailwindcss/oxide-wasm32-wasi': [ '4.1.18' ]
32 silly audit }
33 verbose reify failed optional dependency D:\Mini_Project\career-automate-admin\node_modules\lightningcss-win32-arm64-msvc
34 silly reify mark deleted [
34 silly reify   'D:\\Mini_Project\\career-automate-admin\\node_modules\\lightningcss-win32-arm64-msvc'
34 silly reify ]
35 verbose reify failed optional dependency D:\Mini_Project\career-automate-admin\node_modules\lightningcss-linux-x64-musl
36 silly reify mark deleted [
36 silly reify   'D:\\Mini_Project\\career-automate-admin\\node_modules\\lightningcss-linux-x64-musl'
36 silly reify ]
37 verbose reify failed optional dependency D:\Mini_Project\career-automate-admin\node_modules\lightningcss-linux-x64-gnu
38 silly reify mark deleted [
38 silly reify   'D:\\Mini_Project\\career-automate-admin\\node_modules\\lightningcss-linux-x64-gnu'
38 silly reify ]
39 verbose reify failed optional dependency D:\Mini_Project\career-automate-admin\node_modules\lightningcss-linux-arm64-musl
40 silly reify mark deleted [
40 silly reify   'D:\\Mini_Project\\career-automate-admin\\node_modules\\lightningcss-linux-arm64-musl'
40 silly reify ]
41 verbose reify failed optional dependency D:\Mini_Project\career-automate-admin\node_modules\lightningcss-linux-arm64-gnu
42 silly reify mark deleted [
42 silly reify   'D:\\Mini_Project\\career-automate-admin\\node_modules\\lightningcss-linux-arm64-gnu'
42 silly reify ]
43 verbose reify failed optional dependency D:\Mini_Project\career-automate-admin\node_modules\lightningcss-linux-arm-gnueabihf
44 silly reify mark deleted [
44 silly reify   'D:\\Mini_Project\\career-automate-admin\\node_modules\\lightningcss-linux-arm-gnueabihf'
44 silly reify ]
45 verbose reify failed optional dependency D:\Mini_Project\career-automate-admin\node_modules\lightningcss-freebsd-x64
46 silly reify mark deleted [
46 silly reify   'D:\\Mini_Project\\career-automate-admin\\node_modules\\lightningcss-freebsd-x64'
46 silly reify ]
47 verbose reify failed optional dependency D:\Mini_Project\career-automate-admin\node_modules\lightningcss-darwin-x64
48 silly reify mark deleted [
48 silly reify   'D:\\Mini_Project\\career-automate-admin\\node_modules\\lightningcss-darwin-x64'
48 silly reify ]
49 verbose reify failed optional dependency D:\Mini_Project\career-automate-admin\node_modules\lightningcss-darwin-arm64
50 silly reify mark deleted [
50 silly reify   'D:\\Mini_Project\\career-automate-admin\\node_modules\\lightningcss-darwin-arm64'
50 silly reify ]
51 verbose reify failed optional dependency D:\Mini_Project\career-automate-admin\node_modules\lightningcss-android-arm64
52 silly reify mark deleted [
52 silly reify   'D:\\Mini_Project\\career-automate-admin\\node_modules\\lightningcss-android-arm64'
52 silly reify ]
53 verbose reify failed optional dependency D:\Mini_Project\career-automate-admin\node_modules\@unrs\resolver-binding-win32-ia32-msvc
54 silly reify mark deleted [
54 silly reify   'D:\\Mini_Project\\career-automate-admin\\node_modules\\@unrs\\resolver-binding-win32-ia32-msvc'
54 silly reify ]
55 verbose reify failed optional dependency D:\Mini_Project\career-automate-admin\node_modules\@unrs\resolver-binding-win32-arm64-msvc
56 silly reify mark deleted [
56 silly reify   'D:\\Mini_Project\\career-automate-admin\\node_modules\\@unrs\\resolver-binding-win32-arm64-msvc'
56 silly reify ]
57 verbose reify failed optional dependency D:\Mini_Project\career-automate-admin\node_modules\@unrs\resolver-binding-wasm32-wasi
58 silly reify mark deleted [
58 silly reify   'D:\\Mini_Project\\career-automate-admin\\node_modules\\@unrs\\resolver-binding-wasm32-wasi'
58 silly reify ]
59 verbose reify failed optional dependency D:\Mini_Project\career-automate-admin\node_modules\@unrs\resolver-binding-linux-x64-musl
60 silly reify mark deleted [
60 silly reify   'D:\\Mini_Project\\career-automate-admin\\node_modules\\@unrs\\resolver-binding-linux-x64-musl'
60 silly reify ]
61 verbose reify failed optional dependency D:\Mini_Project\career-automate-admin\node_modules\@unrs\resolver-binding-linux-x64-gnu
62 silly reify mark deleted [
62 silly reify   'D:\\Mini_Project\\career-automate-admin\\node_modules\\@unrs\\resolver-binding-linux-x64-gnu'
62 silly reify ]
63 verbose reify failed optional dependency D:\Mini_Project\career-automate-admin\node_modules\@unrs\resolver-binding-linux-s390x-gnu
64 silly reify mark deleted [
64 silly reify   'D:\\Mini_Project\\career-automate-admin\\node_modules\\@unrs\\resolver-binding-linux-s390x-gnu'
64 silly reify ]
65 verbose reify failed optional dependency D:\Mini_Project\career-automate-admin\node_modules\@unrs\resolver-binding-linux-riscv64-musl
66 silly reify mark deleted [
66 silly reify   'D:\\Mini_Project\\career-automate-admin\\node_modules\\@unrs\\resolver-binding-linux-riscv64-musl'
66 silly reify ]
67 verbose reify failed optional dependency D:\Mini_Project\career-automate-admin\node_modules\@unrs\resolver-binding-linux-riscv64-gnu
68 silly reify mark deleted [
68 silly reify   'D:\\Mini_Project\\career-automate-admin\\node_modules\\@unrs\\resolver-binding-linux-riscv64-gnu'
68 silly reify ]
69 verbose reify failed optional dependency D:\Mini_Project\career-automate-admin\node_modules\@unrs\resolver-binding-linux-ppc64-gnu
70 silly reify mark deleted [
70 silly reify   'D:\\Mini_Project\\career-automate-admin\\node_modules\\@unrs\\resolver-binding-linux-ppc64-gnu'
70 silly reify ]
71 verbose reify failed optional dependency D:\Mini_Project\career-automate-admin\node_modules\@unrs\resolver-binding-linux-arm64-musl
72 silly reify mark deleted [
72 silly reify   'D:\\Mini_Project\\career-automate-admin\\node_modules\\@unrs\\resolver-binding-linux-arm64-musl'
72 silly reify ]
73 verbose reify failed optional dependency D:\Mini_Project\career-automate-admin\node_modules\@unrs\resolver-binding-linux-arm64-gnu
74 silly reify mark deleted [
74 silly reify   'D:\\Mini_Project\\career-automate-admin\\node_modules\\@unrs\\resolver-binding-linux-arm64-gnu'
74 silly reify ]
75 verbose reify failed optional dependency D:\Mini_Project\career-automate-admin\node_modules\@unrs\resolver-binding-linux-arm-musleabihf
76 silly reify mark deleted [
76 silly reify   'D:\\Mini_Project\\career-automate-admin\\node_modules\\@unrs\\resolver-binding-linux-arm-musleabihf'
76 silly reify ]
77 verbose reify failed optional dependency D:\Mini_Project\career-automate-admin\node_modules\@unrs\resolver-binding-linux-arm-gnueabihf
78 silly reify mark deleted [
78 silly reify   'D:\\Mini_Project\\career-automate-admin\\node_modules\\@unrs\\resolver-binding-linux-arm-gnueabihf'
78 silly reify ]
79 verbose reify failed optional dependency D:\Mini_Project\career-automate-admin\node_modules\@unrs\resolver-binding-freebsd-x64
80 silly reify mark deleted [
80 silly reify   'D:\\Mini_Project\\career-automate-admin\\node_modules\\@unrs\\resolver-binding-freebsd-x64'
80 silly reify ]
81 verbose reify failed optional dependency D:\Mini_Project\career-automate-admin\node_modules\@unrs\resolver-binding-darwin-x64
82 silly reify mark deleted [
82 silly reify   'D:\\Mini_Project\\career-automate-admin\\node_modules\\@unrs\\resolver-binding-darwin-x64'
82 silly reify ]
83 verbose reify failed optional dependency D:\Mini_Project\career-automate-admin\node_modules\@unrs\resolver-binding-darwin-arm64
84 silly reify mark deleted [
84 silly reify   'D:\\Mini_Project\\career-automate-admin\\node_modules\\@unrs\\resolver-binding-darwin-arm64'
84 silly reify ]
85 verbose reify failed optional dependency D:\Mini_Project\career-automate-admin\node_modules\@unrs\resolver-binding-android-arm64
86 silly reify mark deleted [
86 silly reify   'D:\\Mini_Project\\career-automate-admin\\node_modules\\@unrs\\resolver-binding-android-arm64'
86 silly reify ]
87 verbose reify failed optional dependency D:\Mini_Project\career-automate-admin\node_modules\@unrs\resolver-binding-android-arm-eabi
88 silly reify mark deleted [
88 silly reify   'D:\\Mini_Project\\career-automate-admin\\node_modules\\@unrs\\resolver-binding-android-arm-eabi'
88 silly reify ]
89 verbose reify failed optional dependency D:\Mini_Project\career-automate-admin\node_modules\@tailwindcss\oxide-win32-arm64-msvc
90 silly reify mark deleted [
90 silly reify   'D:\\Mini_Project\\career-automate-admin\\node_modules\\@tailwindcss\\oxide-win32-arm64-msvc'
90 silly reify ]
91 verbose reify failed optional dependency D:\Mini_Project\career-automate-admin\node_modules\@tailwindcss\oxide-linux-x64-musl
92 silly reify mark deleted [
92 silly reify   'D:\\Mini_Project\\career-automate-admin\\node_modules\\@tailwindcss\\oxide-linux-x64-musl'
92 silly reify ]
93 verbose reify failed optional dependency D:\Mini_Project\career-automate-admin\node_modules\@tailwindcss\oxide-linux-x64-gnu
94 silly reify mark deleted [
94 silly reify   'D:\\Mini_Project\\career-automate-admin\\node_modules\\@tailwindcss\\oxide-linux-x64-gnu'
94 silly reify ]
95 verbose reify failed optional dependency D:\Mini_Project\career-automate-admin\node_modules\@tailwindcss\oxide-linux-arm64-musl
96 silly reify mark deleted [
96 silly reify   'D:\\Mini_Project\\career-automate-admin\\node_modules\\@tailwindcss\\oxide-linux-arm64-musl'
96 silly reify ]
97 verbose reify failed optional dependency D:\Mini_Project\career-automate-admin\node_modules\@tailwindcss\oxide-linux-arm64-gnu
98 silly reify mark deleted [
98 silly reify   'D:\\Mini_Project\\career-automate-admin\\node_modules\\@tailwindcss\\oxide-linux-arm64-gnu'
98 silly reify ]
99 verbose reify failed optional dependency D:\Mini_Project\career-automate-admin\node_modules\@tailwindcss\oxide-linux-arm-gnueabihf
100 silly reify mark deleted [
100 silly reify   'D:\\Mini_Project\\career-automate-admin\\node_modules\\@tailwindcss\\oxide-linux-arm-gnueabihf'
100 silly reify ]
101 verbose reify failed optional dependency D:\Mini_Project\career-automate-admin\node_modules\@tailwindcss\oxide-freebsd-x64
102 silly reify mark deleted [
102 silly reify   'D:\\Mini_Project\\career-automate-admin\\node_modules\\@tailwindcss\\oxide-freebsd-x64'
102 silly reify ]
103 verbose reify failed optional dependency D:\Mini_Project\career-automate-admin\node_modules\@tailwindcss\oxide-darwin-x64
104 silly reify mark deleted [
104 silly reify   'D:\\Mini_Project\\career-automate-admin\\node_modules\\@tailwindcss\\oxide-darwin-x64'
104 silly reify ]
105 verbose reify failed optional dependency D:\Mini_Project\career-automate-admin\node_modules\@tailwindcss\oxide-darwin-arm64
106 silly reify mark deleted [
106 silly reify   'D:\\Mini_Project\\career-automate-admin\\node_modules\\@tailwindcss\\oxide-darwin-arm64'
106 silly reify ]
107 verbose reify failed optional dependency D:\Mini_Project\career-automate-admin\node_modules\@tailwindcss\oxide-android-arm64
108 silly reify mark deleted [
108 silly reify   'D:\\Mini_Project\\career-automate-admin\\node_modules\\@tailwindcss\\oxide-android-arm64'
108 silly reify ]
109 verbose reify failed optional dependency D:\Mini_Project\career-automate-admin\node_modules\@next\swc-win32-arm64-msvc
110 silly reify mark deleted [
110 silly reify   'D:\\Mini_Project\\career-automate-admin\\node_modules\\@next\\swc-win32-arm64-msvc'
110 silly reify ]
111 verbose reify failed optional dependency D:\Mini_Project\career-automate-admin\node_modules\@next\swc-linux-x64-musl
112 silly reify mark deleted [
112 silly reify   'D:\\Mini_Project\\career-automate-admin\\node_modules\\@next\\swc-linux-x64-musl'
112 silly reify ]
113 verbose reify failed optional dependency D:\Mini_Project\career-automate-admin\node_modules\@next\swc-linux-x64-gnu
114 silly reify mark deleted [
114 silly reify   'D:\\Mini_Project\\career-automate-admin\\node_modules\\@next\\swc-linux-x64-gnu'
114 silly reify ]
115 verbose reify failed optional dependency D:\Mini_Project\career-automate-admin\node_modules\@next\swc-linux-arm64-musl
116 silly reify mark deleted [
116 silly reify   'D:\\Mini_Project\\career-automate-admin\\node_modules\\@next\\swc-linux-arm64-musl'
116 silly reify ]
117 verbose reify failed optional dependency D:\Mini_Project\career-automate-admin\node_modules\@next\swc-linux-arm64-gnu
118 silly reify mark deleted [
118 silly reify   'D:\\Mini_Project\\career-automate-admin\\node_modules\\@next\\swc-linux-arm64-gnu'
118 silly reify ]
119 verbose reify failed optional dependency D:\Mini_Project\career-automate-admin\node_modules\@next\swc-darwin-x64
120 silly reify mark deleted [
120 silly reify   'D:\\Mini_Project\\career-automate-admin\\node_modules\\@next\\swc-darwin-x64'
120 silly reify ]
121 verbose reify failed optional dependency D:\Mini_Project\career-automate-admin\node_modules\@next\swc-darwin-arm64
122 silly reify mark deleted [
122 silly reify   'D:\\Mini_Project\\career-automate-admin\\node_modules\\@next\\swc-darwin-arm64'
122 silly reify ]
123 verbose reify failed optional dependency D:\Mini_Project\career-automate-admin\node_modules\@img\sharp-win32-ia32
124 silly reify mark deleted [
124 silly reify   'D:\\Mini_Project\\career-automate-admin\\node_modules\\@img\\sharp-win32-ia32'
124 silly reify ]
125 verbose reify failed optional dependency D:\Mini_Project\career-automate-admin\node_modules\@img\sharp-win32-arm64
126 silly reify mark deleted [
126 silly reify   'D:\\Mini_Project\\career-automate-admin\\node_modules\\@img\\sharp-win32-arm64'
126 silly reify ]
127 verbose reify failed optional dependency D:\Mini_Project\career-automate-admin\node_modules\@img\sharp-wasm32
128 silly reify mark deleted [
128 silly reify   'D:\\Mini_Project\\career-automate-admin\\node_modules\\@img\\sharp-wasm32'
128 silly reify ]
129 verbose reify failed optional dependency D:\Mini_Project\career-automate-admin\node_modules\@img\sharp-linuxmusl-x64
130 silly reify mark deleted [
130 silly reify   'D:\\Mini_Project\\career-automate-admin\\node_modules\\@img\\sharp-linuxmusl-x64'
130 silly reify ]
131 verbose reify failed optional dependency D:\Mini_Project\career-automate-admin\node_modules\@img\sharp-linuxmusl-arm64
132 silly reify mark deleted [
132 silly reify   'D:\\Mini_Project\\career-automate-admin\\node_modules\\@img\\sharp-linuxmusl-arm64'
132 silly reify ]
133 verbose reify failed optional dependency D:\Mini_Project\career-automate-admin\node_modules\@img\sharp-linux-x64
134 silly reify mark deleted [
134 silly reify   'D:\\Mini_Project\\career-automate-admin\\node_modules\\@img\\sharp-linux-x64'
134 silly reify ]
135 verbose reify failed optional dependency D:\Mini_Project\career-automate-admin\node_modules\@img\sharp-linux-s390x
136 silly reify mark deleted [
136 silly reify   'D:\\Mini_Project\\career-automate-admin\\node_modules\\@img\\sharp-linux-s390x'
136 silly reify ]
137 verbose reify failed optional dependency D:\Mini_Project\career-automate-admin\node_modules\@img\sharp-linux-riscv64
138 silly reify mark deleted [
138 silly reify   'D:\\Mini_Project\\career-automate-admin\\node_modules\\@img\\sharp-linux-riscv64'
138 silly reify ]
139 verbose reify failed optional dependency D:\Mini_Project\career-automate-admin\node_modules\@img\sharp-linux-ppc64
140 silly reify mark deleted [
140 silly reify   'D:\\Mini_Project\\career-automate-admin\\node_modules\\@img\\sharp-linux-ppc64'
140 silly reify ]
141 verbose reify failed optional dependency D:\Mini_Project\career-automate-admin\node_modules\@img\sharp-linux-arm64
142 silly reify mark deleted [
142 silly reify   'D:\\Mini_Project\\career-automate-admin\\node_modules\\@img\\sharp-linux-arm64'
142 silly reify ]
143 verbose reify failed optional dependency D:\Mini_Project\career-automate-admin\node_modules\@img\sharp-linux-arm
144 silly reify mark deleted [
144 silly reify   'D:\\Mini_Project\\career-automate-admin\\node_modules\\@img\\sharp-linux-arm'
144 silly reify ]
145 verbose reify failed optional dependency D:\Mini_Project\career-automate-admin\node_modules\@img\sharp-libvips-linuxmusl-x64
146 silly reify mark deleted [
146 silly reify   'D:\\Mini_Project\\career-automate-admin\\node_modules\\@img\\sharp-libvips-linuxmusl-x64'
146 silly reify ]
147 verbose reify failed optional dependency D:\Mini_Project\career-automate-admin\node_modules\@img\sharp-libvips-linuxmusl-arm64
148 silly reify mark deleted [
148 silly reify   'D:\\Mini_Project\\career-automate-admin\\node_modules\\@img\\sharp-libvips-linuxmusl-arm64'
148 silly reify ]
149 verbose reify failed optional dependency D:\Mini_Project\career-automate-admin\node_modules\@img\sharp-libvips-linux-x64
150 silly reify mark deleted [
150 silly reify   'D:\\Mini_Project\\career-automate-admin\\node_modules\\@img\\sharp-libvips-linux-x64'
150 silly reify ]
151 verbose reify failed optional dependency D:\Mini_Project\career-automate-admin\node_modules\@img\sharp-libvips-linux-s390x
152 silly reify mark deleted [
152 silly reify   'D:\\Mini_Project\\career-automate-admin\\node_modules\\@img\\sharp-libvips-linux-s390x'
152 silly reify ]
153 verbose reify failed optional dependency D:\Mini_Project\career-automate-admin\node_modules\@img\sharp-libvips-linux-riscv64
154 silly reify mark deleted [
154 silly reify   'D:\\Mini_Project\\career-automate-admin\\node_modules\\@img\\sharp-libvips-linux-riscv64'
154 silly reify ]
155 verbose reify failed optional dependency D:\Mini_Project\career-automate-admin\node_modules\@img\sharp-libvips-linux-ppc64
156 silly reify mark deleted [
156 silly reify   'D:\\Mini_Project\\career-automate-admin\\node_modules\\@img\\sharp-libvips-linux-ppc64'
156 silly reify ]
157 verbose reify failed optional dependency D:\Mini_Project\career-automate-admin\node_modules\@img\sharp-libvips-linux-arm64
158 silly reify mark deleted [
158 silly reify   'D:\\Mini_Project\\career-automate-admin\\node_modules\\@img\\sharp-libvips-linux-arm64'
158 silly reify ]
159 verbose reify failed optional dependency D:\Mini_Project\career-automate-admin\node_modules\@img\sharp-libvips-linux-arm
160 silly reify mark deleted [
160 silly reify   'D:\\Mini_Project\\career-automate-admin\\node_modules\\@img\\sharp-libvips-linux-arm'
160 silly reify ]
161 verbose reify failed optional dependency D:\Mini_Project\career-automate-admin\node_modules\@img\sharp-libvips-darwin-x64
162 silly reify mark deleted [
162 silly reify   'D:\\Mini_Project\\career-automate-admin\\node_modules\\@img\\sharp-libvips-darwin-x64'
162 silly reify ]
163 verbose reify failed optional dependency D:\Mini_Project\career-automate-admin\node_modules\@img\sharp-libvips-darwin-arm64
164 silly reify mark deleted [
164 silly reify   'D:\\Mini_Project\\career-automate-admin\\node_modules\\@img\\sharp-libvips-darwin-arm64'
164 silly reify ]
165 verbose reify failed optional dependency D:\Mini_Project\career-automate-admin\node_modules\@img\sharp-darwin-x64
166 silly reify mark deleted [
166 silly reify   'D:\\Mini_Project\\career-automate-admin\\node_modules\\@img\\sharp-darwin-x64'
166 silly reify ]
167 verbose reify failed optional dependency D:\Mini_Project\career-automate-admin\node_modules\@img\sharp-darwin-arm64
168 silly reify mark deleted [
168 silly reify   'D:\\Mini_Project\\career-automate-admin\\node_modules\\@img\\sharp-darwin-arm64'
168 silly reify ]
169 http cache cookie@https://registry.npmjs.org/cookie/-/cookie-1.1.1.tgz 0ms (cache hit)
170 silly tarball no local data for cookie@https://registry.npmjs.org/cookie/-/cookie-1.1.1.tgz. Extracting by manifest.
171 http cache @supabase/ssr@https://registry.npmjs.org/@supabase/ssr/-/ssr-0.8.0.tgz 0ms (cache hit)
172 silly tarball no local data for @supabase/ssr@https://registry.npmjs.org/@supabase/ssr/-/ssr-0.8.0.tgz. Extracting by manifest.
173 http fetch GET 200 https://registry.npmjs.org/cookie/-/cookie-1.1.1.tgz 151ms (cache miss)
174 http fetch POST 200 https://registry.npmjs.org/-/npm/v1/security/advisories/bulk 275ms
175 silly audit report {
175 silly audit report   'fast-xml-parser': [
175 silly audit report     {
175 silly audit report       id: 1112708,
175 silly audit report       url: 'https://github.com/advisories/GHSA-37qj-frw5-hhjh',
175 silly audit report       title: 'fast-xml-parser has RangeError DoS Numeric Entities Bug',
175 silly audit report       severity: 'high',
175 silly audit report       vulnerable_versions: '>=4.3.6 <=5.3.3',
175 silly audit report       cwe: [Array],
175 silly audit report       cvss: [Object]
175 silly audit report     }
175 silly audit report   ],
175 silly audit report   next: [
175 silly audit report     {
175 silly audit report       id: 1112592,
175 silly audit report       url: 'https://github.com/advisories/GHSA-9g9p-9gw9-jx7f',
175 silly audit report       title: 'Next.js self-hosted applications vulnerable to DoS via Image Optimizer remotePatterns configuration',
175 silly audit report       severity: 'moderate',
175 silly audit report       vulnerable_versions: '>=15.6.0-canary.0 <16.1.5',
175 silly audit report       cwe: [Array],
175 silly audit report       cvss: [Object]
175 silly audit report     },
175 silly audit report     {
175 silly audit report       id: 1112637,
175 silly audit report       url: 'https://github.com/advisories/GHSA-5f7q-jpqc-wp7h',
175 silly audit report       title: 'Next.js has Unbounded Memory Consumption via PPR Resume Endpoint ',
175 silly audit report       severity: 'moderate',
175 silly audit report       vulnerable_versions: '>=16.0.0-beta.0 <16.1.5',
175 silly audit report       cwe: [Array],
175 silly audit report       cvss: [Object]
175 silly audit report     },
175 silly audit report     {
175 silly audit report       id: 1112645,
175 silly audit report       url: 'https://github.com/advisories/GHSA-h25m-26qc-wcjf',
175 silly audit report       title: 'Next.js HTTP request deserialization can lead to DoS when using insecure React Server Components',
175 silly audit report       severity: 'high',
175 silly audit report       vulnerable_versions: '>=16.1.0-canary.0 <16.1.5',
175 silly audit report       cwe: [Array],
175 silly audit report       cvss: [Object]
175 silly audit report     }
175 silly audit report   ]
175 silly audit report }
176 silly packumentCache corgi:https://registry.npmjs.org/fast-xml-parser cache-miss
177 silly packumentCache corgi:https://registry.npmjs.org/next cache-miss
178 http fetch GET 200 https://registry.npmjs.org/fast-xml-parser 71ms (cache miss)
179 silly packumentCache corgi:https://registry.npmjs.org/fast-xml-parser set size:undefined disposed:false
180 http fetch GET 200 https://registry.npmjs.org/@supabase/ssr/-/ssr-0.8.0.tgz 485ms (cache miss)
181 http fetch GET 200 https://registry.npmjs.org/next 547ms (cache miss)
182 silly packumentCache corgi:https://registry.npmjs.org/next set size:undefined disposed:false
183 silly packumentCache corgi:https://registry.npmjs.org/@aws-sdk%2fxml-builder cache-miss
184 http fetch GET 200 https://registry.npmjs.org/@aws-sdk%2fxml-builder 392ms (cache miss)
185 silly packumentCache corgi:https://registry.npmjs.org/@aws-sdk%2fxml-builder set size:undefined disposed:false
186 silly packumentCache corgi:https://registry.npmjs.org/@aws-sdk%2fcore cache-miss
187 http fetch GET 200 https://registry.npmjs.org/@aws-sdk%2fcore 65ms (cache miss)
188 silly packumentCache corgi:https://registry.npmjs.org/@aws-sdk%2fcore set size:undefined disposed:false
189 silly packumentCache corgi:https://registry.npmjs.org/@aws-sdk%2fclient-sesv2 cache-miss
190 silly packumentCache corgi:https://registry.npmjs.org/@aws-sdk%2fclient-sso cache-miss
191 silly packumentCache corgi:https://registry.npmjs.org/@aws-sdk%2fcredential-provider-env cache-miss
192 silly packumentCache corgi:https://registry.npmjs.org/@aws-sdk%2fcredential-provider-http cache-miss
193 silly packumentCache corgi:https://registry.npmjs.org/@aws-sdk%2fcredential-provider-ini cache-miss
194 silly packumentCache corgi:https://registry.npmjs.org/@aws-sdk%2fcredential-provider-login cache-miss
195 silly packumentCache corgi:https://registry.npmjs.org/@aws-sdk%2fcredential-provider-process cache-miss
196 silly packumentCache corgi:https://registry.npmjs.org/@aws-sdk%2fcredential-provider-sso cache-miss
197 silly packumentCache corgi:https://registry.npmjs.org/@aws-sdk%2fcredential-provider-web-identity cache-miss
198 silly packumentCache corgi:https://registry.npmjs.org/@aws-sdk%2fmiddleware-sdk-s3 cache-miss
199 silly packumentCache corgi:https://registry.npmjs.org/@aws-sdk%2fmiddleware-user-agent cache-miss
200 silly packumentCache corgi:https://registry.npmjs.org/@aws-sdk%2fnested-clients cache-miss
201 silly packumentCache corgi:https://registry.npmjs.org/@aws-sdk%2ftoken-providers cache-miss
202 http fetch GET 200 https://registry.npmjs.org/@aws-sdk%2fcredential-provider-env 120ms (cache miss)
203 silly packumentCache corgi:https://registry.npmjs.org/@aws-sdk%2fcredential-provider-env set size:undefined disposed:false
204 http fetch GET 200 https://registry.npmjs.org/@aws-sdk%2fnested-clients 168ms (cache miss)
205 silly packumentCache corgi:https://registry.npmjs.org/@aws-sdk%2fnested-clients set size:undefined disposed:false
206 http fetch GET 200 https://registry.npmjs.org/@aws-sdk%2fcredential-provider-sso 194ms (cache miss)
207 silly packumentCache corgi:https://registry.npmjs.org/@aws-sdk%2fcredential-provider-sso set size:undefined disposed:false
208 http fetch GET 200 https://registry.npmjs.org/@aws-sdk%2fcredential-provider-http 211ms (cache miss)
209 silly packumentCache corgi:https://registry.npmjs.org/@aws-sdk%2fcredential-provider-http set size:undefined disposed:false
210 http fetch GET 200 https://registry.npmjs.org/@aws-sdk%2fclient-sso 234ms (cache miss)
211 silly packumentCache corgi:https://registry.npmjs.org/@aws-sdk%2fclient-sso set size:undefined disposed:false
212 http fetch GET 200 https://registry.npmjs.org/@aws-sdk%2ftoken-providers 286ms (cache miss)
213 silly packumentCache corgi:https://registry.npmjs.org/@aws-sdk%2ftoken-providers set size:undefined disposed:false
214 http fetch GET 200 https://registry.npmjs.org/@aws-sdk%2fmiddleware-user-agent 298ms (cache miss)
215 silly packumentCache corgi:https://registry.npmjs.org/@aws-sdk%2fmiddleware-user-agent set size:undefined disposed:false
216 http fetch GET 200 https://registry.npmjs.org/@aws-sdk%2fcredential-provider-process 305ms (cache miss)
217 silly packumentCache corgi:https://registry.npmjs.org/@aws-sdk%2fcredential-provider-process set size:undefined disposed:false
218 http fetch GET 200 https://registry.npmjs.org/@aws-sdk%2fcredential-provider-web-identity 355ms (cache miss)
219 silly packumentCache corgi:https://registry.npmjs.org/@aws-sdk%2fcredential-provider-web-identity set size:undefined disposed:false
220 http fetch GET 200 https://registry.npmjs.org/@aws-sdk%2fmiddleware-sdk-s3 366ms (cache miss)
221 silly packumentCache corgi:https://registry.npmjs.org/@aws-sdk%2fmiddleware-sdk-s3 set size:undefined disposed:false
222 http fetch GET 200 https://registry.npmjs.org/@aws-sdk%2fclient-sesv2 420ms (cache miss)
223 silly packumentCache corgi:https://registry.npmjs.org/@aws-sdk%2fclient-sesv2 set size:undefined disposed:false
224 http fetch GET 200 https://registry.npmjs.org/@aws-sdk%2fcredential-provider-login 441ms (cache miss)
225 silly packumentCache corgi:https://registry.npmjs.org/@aws-sdk%2fcredential-provider-login set size:undefined disposed:false
226 http fetch GET 200 https://registry.npmjs.org/@aws-sdk%2fcredential-provider-ini 447ms (cache miss)
227 silly packumentCache corgi:https://registry.npmjs.org/@aws-sdk%2fcredential-provider-ini set size:undefined disposed:false
228 silly packumentCache corgi:https://registry.npmjs.org/@aws-sdk%2fcredential-provider-node cache-miss
229 http fetch GET 200 https://registry.npmjs.org/@aws-sdk%2fcredential-provider-node 149ms (cache miss)
230 silly packumentCache corgi:https://registry.npmjs.org/@aws-sdk%2fcredential-provider-node set size:undefined disposed:false
231 silly packumentCache corgi:https://registry.npmjs.org/@aws-sdk%2futil-user-agent-node cache-miss
232 http fetch GET 200 https://registry.npmjs.org/@aws-sdk%2futil-user-agent-node 197ms (cache miss)
233 silly packumentCache corgi:https://registry.npmjs.org/@aws-sdk%2futil-user-agent-node set size:undefined disposed:false
234 silly packumentCache corgi:https://registry.npmjs.org/@aws-sdk%2fsignature-v4-multi-region cache-miss
235 http fetch GET 200 https://registry.npmjs.org/@aws-sdk%2fsignature-v4-multi-region 387ms (cache miss)
236 silly packumentCache corgi:https://registry.npmjs.org/@aws-sdk%2fsignature-v4-multi-region set size:undefined disposed:false
237 silly packumentCache corgi:https://registry.npmjs.org/@types%2fnodemailer cache-miss
238 http fetch GET 200 https://registry.npmjs.org/@types%2fnodemailer 91ms (cache miss)
239 silly packumentCache corgi:https://registry.npmjs.org/@types%2fnodemailer set size:undefined disposed:false
240 silly ADD node_modules/cookie
241 silly ADD node_modules/@supabase/ssr
242 silly ADD
243 silly ADD
244 silly ADD
245 silly ADD
246 silly ADD
247 silly ADD
248 silly ADD
249 silly ADD
250 silly ADD
251 silly ADD
252 silly ADD
253 silly ADD
254 silly ADD
255 silly ADD
256 silly ADD
257 silly ADD
258 silly ADD
259 silly ADD
260 silly ADD
261 silly ADD
262 silly ADD
263 silly ADD
264 silly ADD
265 silly ADD
266 silly ADD
267 silly ADD
268 silly ADD
269 silly ADD
270 silly ADD
271 silly ADD
272 silly ADD
273 silly ADD
274 silly ADD
275 silly ADD
276 silly ADD
277 silly ADD
278 silly ADD
279 silly ADD
280 silly ADD
281 silly ADD
282 silly ADD
283 silly ADD
284 silly ADD
285 silly ADD
286 silly ADD
287 silly ADD
288 silly ADD
289 silly ADD
290 silly ADD
291 silly ADD
292 silly ADD
293 silly ADD
294 silly ADD
295 silly ADD
296 silly ADD
297 silly ADD
298 silly ADD
299 silly ADD
300 silly ADD
301 silly ADD
302 silly ADD
303 silly ADD
304 silly ADD
305 silly ADD
306 silly ADD
307 silly ADD
308 silly ADD
309 silly ADD
310 silly ADD
311 verbose cwd D:\Mini_Project\career-automate-admin
312 verbose os Windows_NT 10.0.26200
313 verbose node v22.18.0
314 verbose npm  v10.9.3
315 verbose exit 0
316 info ok
